// Vitest Snapshot v1

exports[`Counter.vue > should render 1`] = `"<div>10 <button class=\\"inc\\"> + </button><button class=\\"dec\\"> - </button></div>"`;

exports[`Main.vue > should render 1`] = `
"<div>
  <div flex=\\"\\" justify-center=\\"\\" mb-4=\\"\\"><img alt=\\"logo\\" src=\\"/favicon.svg\\" h-12=\\"\\"></div>
  <p> 广州地铁换乘助手 </p>
  <p><em text-sm=\\"\\" op75=\\"\\">Guangzhou Metro Transfer Assistant</em></p>
  <div py-4=\\"\\"></div><input id=\\"input\\" placeholder=\\"搜索换乘车站\\" type=\\"text\\" autofocus=\\"\\" autocomplete=\\"off\\" p=\\"x-4 y-2\\" w-250px=\\"\\" text-center=\\"\\" bg-transparent=\\"\\" border=\\"~ rounded gray-300 dark:gray-700\\" outline=\\"none active:none\\">
</div>
<div flex=\\"\\" justify-center=\\"\\">
  <div mt-6=\\"\\" flex=\\"~ col\\" items-center=\\"\\"><em text-lg=\\"\\" op75=\\"\\"><div>支持线路/车站/首字母快捷搜索</div><div my-4=\\"\\"> e.g. </div><ul style=\\"list-style-type: disc;\\"><li>8</li><li>mds</li><li>磨碟沙</li></ul></em></div>
</div>"
`;
